Warning: The cache directory for DeepSpeed Triton autotune, /u/fibz/.triton/autotune, appears to be on an NFS system. While this is generally acceptable, if you experience slowdowns or hanging when DeepSpeed exits, it is recommended to set the TRITON_CACHE_DIR environment variable to a non-NFS path.
Traceback (most recent call last):
  File "/u/fibz/projects/vlm-tuning/consolidate.py", line 2, in <module>
    from deepspeed.utils.zero_to_fp32 import convert_zero_checkpoint_to_fp32_state_dict
  File "/nethome/recpinfo/users/fibz/miniforge3/envs/cap/lib/python3.12/site-packages/deepspeed/__init__.py", line 25, in <module>
    from . import ops
  File "/nethome/recpinfo/users/fibz/miniforge3/envs/cap/lib/python3.12/site-packages/deepspeed/ops/__init__.py", line 15, in <module>
    from ..git_version_info import compatible_ops as __compatible_ops__
  File "/nethome/recpinfo/users/fibz/miniforge3/envs/cap/lib/python3.12/site-packages/deepspeed/git_version_info.py", line 29, in <module>
    op_compatible = builder.is_compatible()
                    ^^^^^^^^^^^^^^^^^^^^^^^
  File "/nethome/recpinfo/users/fibz/miniforge3/envs/cap/lib/python3.12/site-packages/deepspeed/ops/op_builder/fp_quantizer.py", line 35, in is_compatible
    sys_cuda_major, _ = installed_cuda_version()
                        ^^^^^^^^^^^^^^^^^^^^^^^^
  File "/nethome/recpinfo/users/fibz/miniforge3/envs/cap/lib/python3.12/site-packages/deepspeed/ops/op_builder/builder.py", line 53, in installed_cuda_version
    output = subprocess.check_output([cuda_home + "/bin/nvcc", "-V"], universal_newlines=True)
             ^^^^^^^^^^^^^^^^^^^^^^^^^^^^^^^^^^^^^^^^^^^^^^^^^^^^^^^^^^^^^^^^^^^^^^^^^^^^^^^^^
  File "/nethome/recpinfo/users/fibz/miniforge3/envs/cap/lib/python3.12/subprocess.py", line 466, in check_output
    return run(*popenargs, stdout=PIPE, timeout=timeout, check=True,
           ^^^^^^^^^^^^^^^^^^^^^^^^^^^^^^^^^^^^^^^^^^^^^^^^^^^^^^^^^
  File "/nethome/recpinfo/users/fibz/miniforge3/envs/cap/lib/python3.12/subprocess.py", line 548, in run
    with Popen(*popenargs, **kwargs) as process:
         ^^^^^^^^^^^^^^^^^^^^^^^^^^^
  File "/nethome/recpinfo/users/fibz/miniforge3/envs/cap/lib/python3.12/subprocess.py", line 1026, in __init__
    self._execute_child(args, executable, preexec_fn, close_fds,
  File "/nethome/recpinfo/users/fibz/miniforge3/envs/cap/lib/python3.12/subprocess.py", line 1955, in _execute_child
    raise child_exception_type(errno_num, err_msg, err_filename)
FileNotFoundError: [Errno 2] No such file or directory: '/usr/local/cuda/bin/nvcc'
